// Jest Snapshot v1, https://goo.gl/fbAQLP

exports[`Test Header compoenent 1`] = `
<div
  className="header"
>
  <div
    className="content-container"
  >
    <Link
      className="header__link"
      replace={false}
      to="/"
    >
      Motive
    </Link>
    <Link
      className="header__link"
      replace={false}
      to="/home"
    >
      Find Help
    </Link>
    <Link
      className="header__link"
      replace={false}
      to="/feedback"
    >
      Feedback
    </Link>
    <Link
      className="header__link"
      replace={false}
      to="/login"
    >
      Login
    </Link>
  </div>
</div>
`;
